     1                                  section .text
     2                                      global _start
     3                                  
     4                                  _start:
     5 00000000 BA17000000                  mov edx,len ;message length
     6 00000005 B9[00000000]                mov ecx,msg ;message to write
     7 0000000A BB01000000                  mov ebx,1 ;file descriptor (stdout)
     8 0000000F B804000000                  mov eax,4 ;system call number (sys_write
     9 00000014 CD80                        int 0x80 ;call kernel
    10                                  
    11 00000016 B905000000                  mov ecx, 5
    12                                  
    13                                  start_loop:
    14                                  
    15 0000001B 51                          push ecx
    16 0000001C BA09000000                  mov edx,9 ;message length
    17 00000021 B9[17000000]                mov ecx,s2 ;message to write
    18 00000026 BB01000000                  mov ebx,1 ;file descriptor (stdout)
    19 0000002B B804000000                  mov eax,4 ;system call number (sys_write)
    20 00000030 CD80                        int 0x80 ;call kernel
    21 00000032 59                          pop ecx
    22                                  
    23 00000033 E2E6                        loop start_loop
    24                                  
    25 00000035 B801000000                  mov eax,1 ;system call number (sys_exit)
    26 0000003A CD80                        int 0x80 ;call kernel
    27                                  
    28                                  section .data
    29 00000000 4D6F737472616E646F-         msg db 'Mostrando 9 estrellas.',0xa ;a message
    30 00000009 20392065737472656C-
    31 00000012 6C61732E0A         
    32                                      len equ $ - msg
    33 00000017 2A<rept>                    s2 times 9 db '*'
    34                                  
